################################################################################
#                                                                              #
#      IAR Universal Linker V5.3.1.24                                          #
#                                                                              #
#           Link time     =  16/Apr/2013  12:11:22                             #
#           Target CPU    =  RL78                                              #
#           List file     =  C:\Users\tergia\Dropbox\ADK_G14_04_01_2013_Client #
#                            _UART_New_Buglabs\ADK_G14_04_01_2013_Client_UART_ #
#                            New_Buglab\YRDKRL78G14\Debug\List\ADKRenesasG14.m #
#                            ap                                                #
#           Output file 1 =  C:\Users\tergia\Dropbox\ADK_G14_04_01_2013_Client #
#                            _UART_New_Buglabs\ADK_G14_04_01_2013_Client_UART_ #
#                            New_Buglab\YRDKRL78G14\Debug\Exe\ADKRenesasG14.mo #
#                            t                                                 #
#                            Format: motorola-s19                              #
#           Output file 2 =  C:\Users\tergia\Dropbox\ADK_G14_04_01_2013_Client #
#                            _UART_New_Buglabs\ADK_G14_04_01_2013_Client_UART_ #
#                            New_Buglab\YRDKRL78G14\Debug\Exe\ADKRenesasG14.d8 #
#                            7                                                 #
#                            Format: debug                                     #
#                            UBROF version 10.0.6                              #
#           Command line  =  C:\Users\tergia\Dropbox\ADK_G14_04_01_2013_Client #
#                            _UART_New_Buglabs\ADK_G14_04_01_2013_Client_UART_ #
#                            New_Buglab\YRDKRL78G14\Debug\Obj\ADC.r87          #
#                            C:\Users\tergia\Dropbox\ADK_G14_04_01_2013_Client #
#                            _UART_New_Buglabs\ADK_G14_04_01_2013_Client_UART_ #
#                            New_Buglab\YRDKRL78G14\Debug\Obj\Accelerometer.r8 #
#                            7                                                 #
#                            C:\Users\tergia\Dropbox\ADK_G14_04_01_2013_Client #
#                            _UART_New_Buglabs\ADK_G14_04_01_2013_Client_UART_ #
#                            New_Buglab\YRDKRL78G14\Debug\Obj\App_PassThroughS #
#                            PI.r87                                            #
#                            C:\Users\tergia\Dropbox\ADK_G14_04_01_2013_Client #
#                            _UART_New_Buglabs\ADK_G14_04_01_2013_Client_UART_ #
#                            New_Buglab\YRDKRL78G14\Debug\Obj\App_ProbeDemo.r8 #
#                            7                                                 #
#                            C:\Users\tergia\Dropbox\ADK_G14_04_01_2013_Client #
#                            _UART_New_Buglabs\ADK_G14_04_01_2013_Client_UART_ #
#                            New_Buglab\YRDKRL78G14\Debug\Obj\App_ProgramMode. #
#                            r87                                               #
#                            C:\Users\tergia\Dropbox\ADK_G14_04_01_2013_Client #
#                            _UART_New_Buglabs\ADK_G14_04_01_2013_Client_UART_ #
#                            New_Buglab\YRDKRL78G14\Debug\Obj\App_Startup.r87  #
#                            C:\Users\tergia\Dropbox\ADK_G14_04_01_2013_Client #
#                            _UART_New_Buglabs\ADK_G14_04_01_2013_Client_UART_ #
#                            New_Buglab\YRDKRL78G14\Debug\Obj\App_Swarm.r87    #
#                            C:\Users\tergia\Dropbox\ADK_G14_04_01_2013_Client #
#                            _UART_New_Buglabs\ADK_G14_04_01_2013_Client_UART_ #
#                            New_Buglab\YRDKRL78G14\Debug\Obj\AtCmdLib.r87     #
#                            C:\Users\tergia\Dropbox\ADK_G14_04_01_2013_Client #
#                            _UART_New_Buglabs\ADK_G14_04_01_2013_Client_UART_ #
#                            New_Buglab\YRDKRL78G14\Debug\Obj\EEPROM.r87       #
#                            C:\Users\tergia\Dropbox\ADK_G14_04_01_2013_Client #
#                            _UART_New_Buglabs\ADK_G14_04_01_2013_Client_UART_ #
#                            New_Buglab\YRDKRL78G14\Debug\Obj\GSHAL.r87        #
#                            C:\Users\tergia\Dropbox\ADK_G14_04_01_2013_Client #
#                            _UART_New_Buglabs\ADK_G14_04_01_2013_Client_UART_ #
#                            New_Buglab\YRDKRL78G14\Debug\Obj\GainSpan_IO.r87  #
#                            C:\Users\tergia\Dropbox\ADK_G14_04_01_2013_Client #
#                            _UART_New_Buglabs\ADK_G14_04_01_2013_Client_UART_ #
#                            New_Buglab\YRDKRL78G14\Debug\Obj\GainSpan_SPI.r87 #
#                            C:\Users\tergia\Dropbox\ADK_G14_04_01_2013_Client #
#                            _UART_New_Buglabs\ADK_G14_04_01_2013_Client_UART_ #
#                            New_Buglab\YRDKRL78G14\Debug\Obj\I2C.r87          #
#                            C:\Users\tergia\Dropbox\ADK_G14_04_01_2013_Client #
#                            _UART_New_Buglabs\ADK_G14_04_01_2013_Client_UART_ #
#                            New_Buglab\YRDKRL78G14\Debug\Obj\LightSensor.r87  #
#                            C:\Users\tergia\Dropbox\ADK_G14_04_01_2013_Client #
#                            _UART_New_Buglabs\ADK_G14_04_01_2013_Client_UART_ #
#                            New_Buglab\YRDKRL78G14\Debug\Obj\NVSettings.r87   #
#                            C:\Users\tergia\Dropbox\ADK_G14_04_01_2013_Client #
#                            _UART_New_Buglabs\ADK_G14_04_01_2013_Client_UART_ #
#                            New_Buglab\YRDKRL78G14\Debug\Obj\Potentiometer.r8 #
#                            7                                                 #
#                            C:\Users\tergia\Dropbox\ADK_G14_04_01_2013_Client #
#                            _UART_New_Buglabs\ADK_G14_04_01_2013_Client_UART_ #
#                            New_Buglab\YRDKRL78G14\Debug\Obj\RDKRL78_spi.r87  #
#                            "C:\Users\tergia\Dropbox\ADK_G14_04_01_2013_Clien #
#                            t_UART_New_Buglabs\ADK_G14_04_01_2013_Client_UART #
#                            _New_Buglab\YRDKRL78G14\Debug\Obj\SPI _G14.r87"   #
#                            C:\Users\tergia\Dropbox\ADK_G14_04_01_2013_Client #
#                            _UART_New_Buglabs\ADK_G14_04_01_2013_Client_UART_ #
#                            New_Buglab\YRDKRL78G14\Debug\Obj\Switch.r87       #
#                            C:\Users\tergia\Dropbox\ADK_G14_04_01_2013_Client #
#                            _UART_New_Buglabs\ADK_G14_04_01_2013_Client_UART_ #
#                            New_Buglab\YRDKRL78G14\Debug\Obj\Temperature.r87  #
#                            C:\Users\tergia\Dropbox\ADK_G14_04_01_2013_Client #
#                            _UART_New_Buglabs\ADK_G14_04_01_2013_Client_UART_ #
#                            New_Buglab\YRDKRL78G14\Debug\Obj\Timer.r87        #
#                            C:\Users\tergia\Dropbox\ADK_G14_04_01_2013_Client #
#                            _UART_New_Buglabs\ADK_G14_04_01_2013_Client_UART_ #
#                            New_Buglab\YRDKRL78G14\Debug\Obj\UART.r87         #
#                            C:\Users\tergia\Dropbox\ADK_G14_04_01_2013_Client #
#                            _UART_New_Buglabs\ADK_G14_04_01_2013_Client_UART_ #
#                            New_Buglab\YRDKRL78G14\Debug\Obj\console.r87      #
#                            C:\Users\tergia\Dropbox\ADK_G14_04_01_2013_Client #
#                            _UART_New_Buglabs\ADK_G14_04_01_2013_Client_UART_ #
#                            New_Buglab\YRDKRL78G14\Debug\Obj\cpu_bsp.r87      #
#                            C:\Users\tergia\Dropbox\ADK_G14_04_01_2013_Client #
#                            _UART_New_Buglabs\ADK_G14_04_01_2013_Client_UART_ #
#                            New_Buglab\YRDKRL78G14\Debug\Obj\cpu_core.r87     #
#                            C:\Users\tergia\Dropbox\ADK_G14_04_01_2013_Client #
#                            _UART_New_Buglabs\ADK_G14_04_01_2013_Client_UART_ #
#                            New_Buglab\YRDKRL78G14\Debug\Obj\glyph_register.r #
#                            87                                                #
#                            C:\Users\tergia\Dropbox\ADK_G14_04_01_2013_Client #
#                            _UART_New_Buglabs\ADK_G14_04_01_2013_Client_UART_ #
#                            New_Buglab\YRDKRL78G14\Debug\Obj\hwsetup.r87      #
#                            C:\Users\tergia\Dropbox\ADK_G14_04_01_2013_Client #
#                            _UART_New_Buglabs\ADK_G14_04_01_2013_Client_UART_ #
#                            New_Buglab\YRDKRL78G14\Debug\Obj\lcd.r87          #
#                            C:\Users\tergia\Dropbox\ADK_G14_04_01_2013_Client #
#                            _UART_New_Buglabs\ADK_G14_04_01_2013_Client_UART_ #
#                            New_Buglab\YRDKRL78G14\Debug\Obj\led.r87          #
#                            C:\Users\tergia\Dropbox\ADK_G14_04_01_2013_Client #
#                            _UART_New_Buglabs\ADK_G14_04_01_2013_Client_UART_ #
#                            New_Buglab\YRDKRL78G14\Debug\Obj\lib_ascii.r87    #
#                            C:\Users\tergia\Dropbox\ADK_G14_04_01_2013_Client #
#                            _UART_New_Buglabs\ADK_G14_04_01_2013_Client_UART_ #
#                            New_Buglab\YRDKRL78G14\Debug\Obj\lib_math.r87     #
#                            C:\Users\tergia\Dropbox\ADK_G14_04_01_2013_Client #
#                            _UART_New_Buglabs\ADK_G14_04_01_2013_Client_UART_ #
#                            New_Buglab\YRDKRL78G14\Debug\Obj\lib_mem.r87      #
#                            C:\Users\tergia\Dropbox\ADK_G14_04_01_2013_Client #
#                            _UART_New_Buglabs\ADK_G14_04_01_2013_Client_UART_ #
#                            New_Buglab\YRDKRL78G14\Debug\Obj\lib_str.r87      #
#                            C:\Users\tergia\Dropbox\ADK_G14_04_01_2013_Client #
#                            _UART_New_Buglabs\ADK_G14_04_01_2013_Client_UART_ #
#                            New_Buglab\YRDKRL78G14\Debug\Obj\main.r87         #
#                            C:\Users\tergia\Dropbox\ADK_G14_04_01_2013_Client #
#                            _UART_New_Buglabs\ADK_G14_04_01_2013_Client_UART_ #
#                            New_Buglab\YRDKRL78G14\Debug\Obj\mstimer.r87      #
#                            C:\Users\tergia\Dropbox\ADK_G14_04_01_2013_Client #
#                            _UART_New_Buglabs\ADK_G14_04_01_2013_Client_UART_ #
#                            New_Buglab\YRDKRL78G14\Debug\Obj\probe_com.r87    #
#                            C:\Users\tergia\Dropbox\ADK_G14_04_01_2013_Client #
#                            _UART_New_Buglabs\ADK_G14_04_01_2013_Client_UART_ #
#                            New_Buglab\YRDKRL78G14\Debug\Obj\probe_com_os.r87 #
#                            C:\Users\tergia\Dropbox\ADK_G14_04_01_2013_Client #
#                            _UART_New_Buglabs\ADK_G14_04_01_2013_Client_UART_ #
#                            New_Buglab\YRDKRL78G14\Debug\Obj\probe_wifi.r87   #
#                            C:\Users\tergia\Dropbox\ADK_G14_04_01_2013_Client #
#                            _UART_New_Buglabs\ADK_G14_04_01_2013_Client_UART_ #
#                            New_Buglab\YRDKRL78G14\Debug\Obj\probe_wifi_os.r8 #
#                            7                                                 #
#                            C:\Users\tergia\Dropbox\ADK_G14_04_01_2013_Client #
#                            _UART_New_Buglabs\ADK_G14_04_01_2013_Client_UART_ #
#                            New_Buglab\YRDKRL78G14\Debug\Obj\r_cg_serial.r87  #
#                            C:\Users\tergia\Dropbox\ADK_G14_04_01_2013_Client #
#                            _UART_New_Buglabs\ADK_G14_04_01_2013_Client_UART_ #
#                            New_Buglab\YRDKRL78G14\Debug\Obj\r_cg_serial_user #
#                            .r87                                              #
#                            C:\Users\tergia\Dropbox\ADK_G14_04_01_2013_Client #
#                            _UART_New_Buglabs\ADK_G14_04_01_2013_Client_UART_ #
#                            New_Buglab\YRDKRL78G14\drv\Glyph\RL78GlyphLib_Deb #
#                            ug.r87                                            #
#                            -o                                                #
#                            C:\Users\tergia\Dropbox\ADK_G14_04_01_2013_Client #
#                            _UART_New_Buglabs\ADK_G14_04_01_2013_Client_UART_ #
#                            New_Buglab\YRDKRL78G14\Debug\Exe\ADKRenesasG14.d8 #
#                            7                                                 #
#                            -l                                                #
#                            C:\Users\tergia\Dropbox\ADK_G14_04_01_2013_Client #
#                            _UART_New_Buglabs\ADK_G14_04_01_2013_Client_UART_ #
#                            New_Buglab\YRDKRL78G14\Debug\List\ADKRenesasG14.m #
#                            ap                                                #
#                            -xmsn                                             #
#                            "-IC:\Program Files (x86)\IAR Systems\Embedded Wo #
#                            rkbench 6.0\rl78\LIB\"                            #
#                            -f                                                #
#                            "C:\Program Files (x86)\IAR Systems\Embedded Work #
#                            bench 6.0\rl78\CONFIG\lnkr5f104pj.xcl"            #
#                            (-cRL78 -Z(CODE)INTVEC=00000-0007F                #
#                            -Z(CODE)CLTVEC=00080-000BD                        #
#                            -Z(CODE)OPTBYTE=000C0-000C3                       #
#                            -Z(CODE)SECUID=000C4-000CD                        #
#                            -QNEAR_CONST=NEAR_CONST_ID                        #
#                            -Z(CONST)NEAR_CONST_ID=_NEAR_CONST_LOCATION_START #
#                            -_NEAR_CONST_LOCATION_END                         #
#                            -Z(DATA)NEAR_CONST=(_NEAR_CONST_LOCATION_START+F0 #
#                            000)-(_NEAR_CONST_LOCATION_END+F0000)             #
#                            -Z(CODE)RCODE,CODE=000D8-0FFFF                    #
#                            -Z(CONST)SWITCH=000D8-0FBFF                       #
#                            -Z(CONST)NEAR_ID=[000D8-0FBFF]/10000              #
#                            -Z(CONST)SADDR_ID=[000D8-0FBFF]/10000             #
#                            -Z(CONST)DIFUNCT=[000D8-0FBFF]/10000              #
#                            -Z(CONST)FAR_ID=[09F00-3FBFF]/10000               #
#                            -Z(DATA)FAR_I=[F9F00-FFE1F]/10000                 #
#                            -P(CONST)FAR_CONST,FSWITCH=[000D8-3FBFF]/10000    #
#                            -P(CODE)XCODE=[000D8-3FBFF]/10000                 #
#                            -Z(DATA)EEPROM=F1000-F2FFF                        #
#                            -Z(DATA)WRKSEG=FFE20-FFEDF                        #
#                            -Z(DATA)SADDR_I,SADDR_Z,SADDR_N=FFE20-FFEDF       #
#                            -Z(DATA)NEAR_I,NEAR_Z,NEAR_N=F9F00-FFE1F          #
#                            -Z(DATA)CSTACK+_CSTACK_SIZE=F9F00-FFE1F           #
#                            -Z(DATA)NEAR_HEAP+_NEAR_HEAP_SIZE=F9F00-FFE1F     #
#                            -Z(DATA)FAR_HEAP+_FAR_HEAP_SIZE=[F9F00-FFE1F]/100 #
#                            00                                                #
#                            -Z(DATA)FAR_Z=[F9F00-FFE1F]/10000                 #
#                            -P(DATA)FAR_N=[F9F00-FFE1F]/10000) -Fubrof        #
#                            -Omotorola-s19=C:\Users\tergia\Dropbox\ADK_G14_04 #
#                            _01_2013_Client_UART_New_Buglabs\ADK_G14_04_01_20 #
#                            13_Client_UART_New_Buglab\YRDKRL78G14\Debug\Exe\A #
#                            DKRenesasG14.mot                                  #
#                            -s __program_start -D_NEAR_CONST_LOCATION=0       #
#                            -D_NEAR_CONST_LOCATION_START=3000                 #
#                            -D_NEAR_CONST_LOCATION_END=9EFF                   #
#                            "C:\Program Files (x86)\IAR Systems\Embedded Work #
#                            bench 6.0\rl78\LIB\dlrl78nn2n.r87"                #
#                            -e_PrintfLarge=_Printf -e_ScanfSmall=_Scanf       #
#                            -D_CSTACK_SIZE=400 -D_NEAR_HEAP_SIZE=100          #
#                            -D_FAR_HEAP_SIZE=1000                             #
#                                                                              #
#                           Copyright (C) 1987-2012 IAR Systems AB.            #
################################################################################





                ****************************************
                *                                      *
                *           CROSS REFERENCE            *
                *                                      *
                ****************************************

       Program entry at :           000000DD  Relocatable, from module : ?CSTARTUP




                ****************************************
                *                                      *
                *            RUNTIME MODEL             *
                *                                      *
                ****************************************

  __Heap_Handler             = Basic
  __SystemLibrary            = DLib
  __code_model               = near
  __core                     = rl78_2
  __data_model               = near
  __dlib_file_descriptor     = 0
  __dlib_full_locale_support = 0
  __far_rt_calls             = false
  __rt_version               = 1

                ****************************************
                *                                      *
                *    AUTOMATIC SYMBOL REDIRECTIONS     *
                *                                      *
                ****************************************

                  There are no automatic symbol redirections.



                ****************************************
                *                                      *
                *              MODULE MAP              *
                *                                      *
                ****************************************


  DEFINED ABSOLUTE ENTRIES
    *************************************************************************

  DEFINED ABSOLUTE ENTRIES
  PROGRAM MODULE, NAME : ?ABS_ENTRY_MOD

Absolute parts
           ENTRY                   ADDRESS         REF BY
           =====                   =======         ======
           _FAR_HEAP_SIZE          00001000 
           _NEAR_HEAP_SIZE         00000100 
           _CSTACK_SIZE            00000400 
           _NEAR_CONST_LOCATION_END
                                   00009EFF 
           _NEAR_CONST_LOCATION_START
                                   00003000 
           _NEAR_CONST_LOCATION    00000000        Segment part 3 (?CSTARTUP)
    *************************************************************************

  FILE NAME : C:\Users\tergia\Dropbox\ADK_G14_04_01_2013_Client_UART_New_Buglabs\ADK_G14_04_01_2013_Client_UART_New_Buglab\YRDKRL78G14\Debug\Obj\ADC.r87
  PROGRAM MODULE, NAME : ADC

  SEGMENTS IN THE MODULE
  ======================
SADDR_A
  Relative segment, address: 000FFF1E - 000FFF1F (0x2 bytes), align: 0
  Segment part 1. ROOT.       Intra module refs:   ADC_GetReading
           ENTRY                   ADDRESS         REF BY
           =====                   =======         ======
           _A_ADCR                 000FFF1E 
           LOCAL                   ADDRESS         
           =====                   =======         
           ADCR                    000FFF1E 
           ADCRH                   000FFF1F 
           ADCRH_bit               000FFF1F 
           ADCR_bit                000FFF1E 
           dummy                   000FFF1E 
           dummy_bit               000FFF1E 
    -------------------------------------------------------------------------
NEAR_A
  Relative segment, address: 000FFF22 - 000FFF22 (0x1 bytes), align: 0
  Segment part 2. ROOT.       Intra module refs:   ADC_Start
                                                   PORT2 (led)
           ENTRY                   ADDRESS         REF BY
           =====                   =======         ======
           _A_PM2                  000FFF22 
           LOCAL                   ADDRESS         
           =====                   =======         
           PM2                     000FFF22 
           PM2_bit                 000FFF22 
    -------------------------------------------------------------------------
NEAR_A
  Relative segment, address: 000FFF30 - 000FFF30 (0x1 bytes), align: 0
  Segment part 3. ROOT.       Intra module refs:   ADC_Start
           ENTRY                   ADDRESS         REF BY
           =====                   =======         ======
           _A_ADM0                 000FFF30 
           LOCAL                   ADDRESS         
           =====                   =======         
           ADM0                    000FFF30 
           ADM0_bit                000FFF30 
    -------------------------------------------------------------------------
NEAR_A
  Relative segment, address: 000FFF31 - 000FFF31 (0x1 bytes), align: 0
  Segment part 4. ROOT.       Intra module refs:   ADC_EnableChannel
                                                   ADC_GetReading
           ENTRY                   ADDRESS         REF BY
           =====                   =======         ======
           _A_ADS                  000FFF31 
           LOCAL                   ADDRESS         
           =====                   =======         
           ADS                     000FFF31 
           ADS_bit                 000FFF31 
    -------------------------------------------------------------------------
NEAR_A
  Relative segment, address: 000FFF32 - 000FFF32 (0x1 bytes), align: 0
  Segment part 5. ROOT.       Intra module refs:   ADC_Start
           ENTRY                   ADDRESS         REF BY
           =====                   =======         ======
           _A_ADM1                 000FFF32 
           LOCAL                   ADDRESS         
           =====                   =======         
           ADM1                    000FFF32 
           ADM1_bit                000FFF32 
    -------------------------------------------------------------------------
NEAR_A
  Relative segment, address: 000FFFE2 - 000FFFE3 (0x2 bytes), align: 0
  Segment part 6. ROOT.       Intra module refs:   ADC_Start
                                                   Create_UART1 (UART)
                                                   I2C_Start (I2C)
                                                   SPI_DisableInterrupts (SPI _G14)
                                                   SPI_EnableInterrupts (SPI _G14)
                                                   Timer_Start (Timer)
                                                   UART1_RXError_ISRHandler (UART)
                                                   UART1_RX_ISRHandler (UART)
                                                   UART1_TX_ISRHandler (UART)
           ENTRY                   ADDRESS         REF BY
           =====                   =======         ======
           _A_IF1                  000FFFE2 
           LOCAL                   ADDRESS         
           =====                   =======         
           IF1                     000FFFE2 
           IF1H                    000FFFE3 
           IF1H_bit                000FFFE3 
           IF1L                    000FFFE2 
           IF1L_bit                000FFFE2 
    -------------------------------------------------------------------------
NEAR_A
  Relative segment, address: 000FFFE6 - 000FFFE7 (0x2 bytes), align: 0
  Segment part 7. ROOT.       Intra module refs:   ADC_Start
                                                   Create_UART1 (UART)
                                                   I2C_Read (I2C)
                                                   I2C_Start (I2C)
                                                   I2C_Write (I2C)
                                                   MSTimerGet (mstimer)
                                                   MSTimerInit (mstimer)
                                                   SPI_DisableInterrupts (SPI _G14)
                                                   SPI_EnableInterrupts (SPI _G14)
                                                   Timer_Start (Timer)
                                                   UART1_ReceiveByte (UART)
                                                   UART1_SendByte (UART)
           ENTRY                   ADDRESS         REF BY
           =====                   =======         ======
           _A_MK1                  000FFFE6 
           LOCAL                   ADDRESS         
           =====                   =======         
           MK1                     000FFFE6 
           MK1H                    000FFFE7 
           MK1H_bit                000FFFE7 
           MK1L                    000FFFE6 
           MK1L_bit                000FFFE6 
    -------------------------------------------------------------------------
NEAR_A
  Relative segment, address: 000FFFEA - 000FFFEB (0x2 bytes), align: 0
  Segment part 8. ROOT.       Intra module refs:   ADC_Start
                                                   App_ProgramMode (App_ProgramMode)
                                                   Create_UART1 (UART)
                                                   I2C_Start (I2C)
                                                   SPI_Init (SPI _G14)
                                                   Timer_Start (Timer)
           ENTRY                   ADDRESS         REF BY
           =====                   =======         ======
           _A_PR01                 000FFFEA 
           LOCAL                   ADDRESS         
           =====                   =======         
           PR01                    000FFFEA 
           PR01H                   000FFFEB 
           PR01H_bit               000FFFEB 
           PR01L                   000FFFEA 
           PR01L_bit               000FFFEA 
    -------------------------------------------------------------------------
NEAR_A
  Relative segment, address: 000FFFEE - 000FFFEF (0x2 bytes), align: 0
  Segment part 9. ROOT.       Intra module refs:   ADC_Start
                                                   App_ProgramMode (App_ProgramMode)
                                                   Create_UART1 (UART)
                                                   I2C_Start (I2C)
                                                   SPI_Init (SPI _G14)
                                                   Timer_Start (Timer)
           ENTRY                   ADDRESS         REF BY
           =====                   =======         ======
           _A_PR11                 000FFFEE 
           LOCAL                   ADDRESS         
           =====                   =======         
           PR11                    000FFFEE 
           PR11H                   000FFFEF 
           PR11H_bit               000FFFEF 
           PR11L                   000FFFEE 
           PR11L_bit               000FFFEE 
    -------------------------------------------------------------------------
NEAR_A
  Relative segment, address: 000F0010 - 000F0010 (0x1 bytes), align: 0
  Segment part 10. ROOT.      Intra module refs:   ADC_Start
           ENTRY                   ADDRESS         REF BY
           =====                   =======         ======
           _A_ADM2                 000F0010 
           LOCAL                   ADDRESS         
           =====                   =======         
           ADM2                    000F0010 
           ADM2_bit                000F0010 
    -------------------------------------------------------------------------
NEAR_A
  Relative segment, address: 000F0011 - 000F0011 (0x1 bytes), align: 0
  Segment part 11. ROOT.      Intra module refs:   ADC_Start
           ENTRY                   ADDRESS         REF BY
           =====                   =======         ======
           _A_ADUL                 000F0011 
           LOCAL                   ADDRESS         
           =====                   =======         
           ADUL                    000F0011 
           ADUL_bit                000F0011 
    -------------------------------------------------------------------------
NEAR_A
  Relative segment, address: 000F0012 - 000F0012 (0x1 bytes), align: 0
  Segment part 12. ROOT.      Intra module refs:   ADC_Start
           ENTRY                   ADDRESS         REF BY
           =====                   =======         ======
           _A_ADLL                 000F0012 
           LOCAL                   ADDRESS         
           =====                   =======         
           ADLL                    000F0012 
           ADLL_bit                000F0012 
    -------------------------------------------------------------------------
NEAR_A
  Relative segment, address: 000F00F0 - 000F00F0 (0x1 bytes), align: 0
  Segment part 13. ROOT.      Intra module refs:   ADC_Start
                                                   GainSpan_IO_ProgMode (App_ProgramMode)
                                                   GainSpan_IO_RunMode (App_ProgramMode)
                                                   I2C_Start (I2C)
                                                   RL78G14RDK_UART_Start (UART)
                                                   R_SAU1_Create (r_cg_serial)
                                                   Timer_Start (Timer)
           ENTRY                   ADDRESS         REF BY
           =====                   =======         ======
           _A_PER0                 000F00F0 
           LOCAL                   ADDRESS         
           =====                   =======         
           PER0                    000F00F0 
           PER0_bit                000F00F0 
    -------------------------------------------------------------------------
CODE
  Relative segment, address: 00005122 - 00005123 (0x2 bytes), align: 0
  Segment part 16.            Intra module refs:   Interrupt_ADC::??INTVEC 52
           ENTRY                   ADDRESS         REF BY
           =====                   =======         ======
           Interrupt_ADC           00005122 
               interrupt function
    -------------------------------------------------------------------------
CODE
  Relative segment, address: 00005124 - 0000515B (0x38 bytes), align: 0
  Segment part 17.
           ENTRY                   ADDRESS         REF BY
           =====                   =======         ======
           ADC_Start               00005124        Potentiometer_Init (Potentiometer)
    -------------------------------------------------------------------------
CODE
  Relative segment, address: 0000515C - 0000515E (0x3 bytes), align: 0
  Segment part 18.
           ENTRY                   ADDRESS         REF BY
           =====                   =======         ======
           ADC_EnableChannel       0000515C        Potentiometer_Init (Potentiometer)
    -------------------------------------------------------------------------
CODE
  Relative segment, address: 0000515F - 00005175 (0x17 bytes), align: 0
  Segment part 19.
           ENTRY                   ADDRESS         REF BY
           =====                   =======         ======
           ADC_GetReading          0000515F        Potentiometer_Get (Potentiometer)
               CSTACK = 00000000 ( 00000002 )
    -------------------------------------------------------------------------
INTVEC
  Common segment, address: 00000000 - 00000035 (0x36 bytes), align: 1
  Segment part 14. ROOT.
           ENTRY                   ADDRESS         REF BY
           =====                   =======         ======
           Interrupt_ADC::??INTVEC 52
                                   00000034 

    *************************************************************************

  FILE NAME : C:\Users\tergia\Dropbox\ADK_G14_04_01_2013_Client_UART_New_Buglabs\ADK_G14_04_01_2013_Client_UART_New_Buglab\YRDKRL78G14\Debug\Obj\Accelerometer.r87
  PROGRAM MODULE, NAME : Accelerometer

  SEGMENTS IN THE MODULE
  ======================
NEAR_CONST
  Relative segment, address: 000F3000 - 000F3003 (0x4 bytes), align: 1
  Segment part 3.             Intra module refs:   Accelerometer_Get
           ENTRY                   ADDRESS         REF BY
           =====                   =======         ======
           acc_reg_addr            000F3000 
    -------------------------------------------------------------------------
NEAR_Z
  Relative segment, address: 000FA004 - 000FA009 (0x6 bytes), align: 1
  Segment part 4.             Intra module refs:   Accelerometer_Get
           ENTRY                   ADDRESS         REF BY
           =====                   =======         ======
           gAccData                000FA004        App_ProbeDemo (App_ProbeDemo)
                                                   AtLib_GSLinkGetPostResp (AtCmdLib)
                                                   main (main)
    -------------------------------------------------------------------------
NEAR_Z
  Relative segment, address: 000FA00A - 000FA00B (0x2 bytes), align: 1
  Segment part 5.             Intra module refs:   Accelerometer_Init
           LOCAL                   ADDRESS         
           =====                   =======         
           pTxData                 000FA00A 
    -------------------------------------------------------------------------
NEAR_CONST
  Relative segment, address: 000F3004 - 000F3009 (0x6 bytes), align: 1
  Segment part 6.             Intra module refs:   Accelerometer_Init
           ENTRY                   ADDRESS         REF BY
           =====                   =======         ======
           acc_config              000F3004 
    -------------------------------------------------------------------------
CODE
  Relative segment, address: 00005176 - 000051E3 (0x6e bytes), align: 0
  Segment part 7.
           ENTRY                   ADDRESS         REF BY
           =====                   =======         ======
           Accelerometer_Init      00005176        App_ProbeDemo (App_ProbeDemo)
                                                   main (main)
               calls direct
               CSTACK = 00000000 ( 00000014 )
    -------------------------------------------------------------------------
CODE
  Relative segment, address: 000051E4 - 000052A7 (0xc4 bytes), align: 0
  Segment part 8.
           ENTRY                   ADDRESS         REF BY
           =====                   =======         ======
           Accelerometer_Get       000051E4        App_ProbeDemo (App_ProbeDemo)
                                                   main (main)
               calls direct
               CSTACK = 00000000 ( 00000018 )
    -------------------------------------------------------------------------
NEAR_CONST
  Relative segment, address: 000F300A - 000F300B (0x2 bytes), align: 1
  Segment part 2.             Intra module refs:   Accelerometer_Get
    -------------------------------------------------------------------------
NEAR_CONST_ID
  Relative segment, address: 00003000 - 00003003 (0x4 bytes), align: 1
  Segment part 9.             Intra module refs:   acc_reg_addr
    -------------------------------------------------------------------------
NEAR_CONST_ID
  Relative segment, address: 00003004 - 00003009 (0x6 bytes), align: 1
  Segment part 10.            Intra module refs:   acc_config
    -------------------------------------------------------------------------
NEAR_CONST_ID
  Relative segment, address: 0000300A - 0000300B (0x2 bytes), align: 1
  Segment part 11.            Intra module refs:   Segment part 2

    *************************************************************************

  FILE NAME : C:\Users\tergia\Dropbox\ADK_G14_04_01_2013_Client_UART_New_Buglabs\ADK_G14_04_01_2013_Client_UART_New_Buglab\YRDKRL78G14\Debug\Obj\App_PassThroughSPI.r87
  PROGRAM MODULE, NAME : App_PassThroughSPI

  SEGMENTS IN THE MODULE
  ======================
CODE
  Relative segment, address: 000052A8 - 0000534D (0xa6 bytes), align: 0
  Segment part 8.
           ENTRY                   ADDRESS         REF BY
           =====                   =======         ======
           App_PassThroughSPI      000052A8        main (main)
               calls direct
               CSTACK = 00000000 ( 0000001C )
    -------------------------------------------------------------------------
NEAR_CONST
  Relative segment, address: 000F300C - 000F301D (0x12 bytes), align: 1
  Segment part 2.             Intra module refs:   App_PassThroughSPI
    -------------------------------------------------------------------------
NEAR_CONST
  Relative segment, address: 000F301E - 000F3029 (0xc bytes), align: 1
  Segment part 3.             Intra module refs:   App_PassThroughSPI
    -------------------------------------------------------------------------
NEAR_CONST
  Relative segment, address: 000F302A - 000F3035 (0xc bytes), align: 1
  Segment part 4.             Intra module refs:   App_PassThroughSPI
    -------------------------------------------------------------------------
NEAR_CONST
  Relative segment, address: 000F3036 - 000F3043 (0xe bytes), align: 1
  Segment part 5.             Intra module refs:   App_PassThroughSPI
    -------------------------------------------------------------------------
NEAR_CONST
  Relative segment, address: 000F3044 - 000F304D (0xa bytes), align: 1
  Segment part 6.             Intra module refs:   App_PassThroughSPI
    -------------------------------------------------------------------------
NEAR_CONST
  Relative segment, address: 000F304E - 000F3057 (0xa bytes), align: 1
  Segment part 7.             Intra module refs:   App_PassThroughSPI
    -------------------------------------------------------------------------
NEAR_CONST_ID
  Relative segment, address: 0000300C - 0000301D (0x12 bytes), align: 1
  Segment part 9.             Intra module refs:   Segment part 2
    -------------------------------------------------------------------------
NEAR_CONST_ID
  Relative segment, address: 0000301E - 00003029 (0xc bytes), align: 1
  Segment part 10.            Intra module refs:   Segment part 3
    -------------------------------------------------------------------------
NEAR_CONST_ID
  Relative segment, address: 0000302A - 00003035 (0xc bytes), align: 1
  Segment part 11.            Intra module refs:   Segment part 4
    -------------------------------------------------------------------------
NEAR_CONST_ID
  Relative segment, address: 00003036 - 00003043 (0xe bytes), align: 1
  Segment part 12.            Intra module refs:   Segment part 5
    -------------------------------------------------------------------------
NEAR_CONST_ID
  Relative segment, address: 00003044 - 0000304D (0xa bytes), align: 1
  Segment part 13.            Intra module refs:   Segment part 6
    -------------------------------------------------------------------------
NEAR_CONST_ID
  Relative segment, address: 0000304E - 00003057 (0xa bytes), align: 1
  Segment part 14.            Intra module refs:   Segment part 7

    *************************************************************************

  FILE NAME : C:\Users\tergia\Dropbox\ADK_G14_04_01_2013_Client_UART_New_Buglabs\ADK_G14_04_01_2013_Client_UART_New_Buglab\YRDKRL78G14\Debug\Obj\App_ProbeDemo.r87
  PROGRAM MODULE, NAME : App_ProbeDemo

  SEGMENTS IN THE MODULE
  ======================
NEAR_Z
  Relative segment, address: 000FBA02 - 000FBA02 (0x1 bytes), align: 0
  Segment part 11.            Intra module refs:   App_ProbeDemo
           ENTRY                   ADDRESS         REF BY
           =====                   =======         ======
           AppProbeDemoPotPercent
                                   000FBA02 
    -------------------------------------------------------------------------
NEAR_Z
  Relative segment, address: 000FBA03 - 000FBA03 (0x1 bytes), align: 0
  Segment part 12.            Intra module refs:   App_ProbeDemo
           ENTRY                   ADDRESS         REF BY
           =====                   =======         ======
           AppProbeDemoLEDs        000FBA03 
    -------------------------------------------------------------------------
NEAR_Z
  Relative segment, address: 000FBA04 - 000FBA04 (0x1 bytes), align: 0
  Segment part 13.            Intra module refs:   App_ProbeDemo
           ENTRY                   ADDRESS         REF BY
           =====                   =======         ======
           AppProbeDemoAccX        000FBA04 
    -------------------------------------------------------------------------
NEAR_Z
  Relative segment, address: 000FBA05 - 000FBA05 (0x1 bytes), align: 0
  Segment part 14.            Intra module refs:   App_ProbeDemo
           ENTRY                   ADDRESS         REF BY
           =====                   =======         ======
           AppProbeDemoAccY        000FBA05 
    -------------------------------------------------------------------------
NEAR_Z
  Relative segment, address: 000FBA06 - 000FBA06 (0x1 bytes), align: 0
  Segment part 15.            Intra module refs:   App_ProbeDemo
           ENTRY                   ADDRESS         REF BY
           =====                   =======         ======
           AppProbeDemoAccZ        000FBA06 
    -------------------------------------------------------------------------
NEAR_Z
  Relative segment, address: 000FBA07 - 000FBA07 (0x1 bytes), align: 0
  Segment part 16.            Intra module refs:   App_ProbeDemo
           ENTRY                   ADDRESS         REF BY
           =====                   =======         ======
           AppProbeDemoTempF       000FBA07 
    -------------------------------------------------------------------------
NEAR_Z
  Relative segment, address: 000FA00C - 000FA00D (0x2 bytes), align: 1
  Segment part 17.            Intra module refs:   App_ProbeDemo
           ENTRY                   ADDRESS         REF BY
           =====                   =======         ======
           AppProbeDemoLight       000FA00C 
    -------------------------------------------------------------------------
NEAR_Z
  Relative segment, address: 000FBA08 - 000FBA08 (0x1 bytes), align: 0
  Segment part 18.            Intra module refs:   App_ProbeDemo
           ENTRY                   ADDRESS         REF BY
           =====                   =======         ======
           AppProbeDemoPitchAngle
                                   000FBA08 
    -------------------------------------------------------------------------
NEAR_Z
  Relative segment, address: 000FBA09 - 000FBA09 (0x1 bytes), align: 0
  Segment part 19.            Intra module refs:   App_ProbeDemo
           ENTRY                   ADDRESS         REF BY
           =====                   =======         ======
           AppProbeDemoRollAngle   000FBA09 
    -------------------------------------------------------------------------
CODE
  Relative segment, address: 0000534E - 000055C2 (0x275 bytes), align: 0
  Segment part 21.
           ENTRY                   ADDRESS         REF BY
           =====                   =======         ======
           App_ProbeDemo           0000534E        main (main)
               calls direct
               CSTACK = 00000000 ( 000000AC )
    -------------------------------------------------------------------------
NEAR_Z
  Relative segment, address: 000FA00E - 000FA011 (0x4 bytes), align: 1
  Segment part 20.            Intra module refs:   App_ProbeDemo
           LOCAL                   ADDRESS         
           =====                   =======         
           App_ProbeDemo::G_adc_int
                                   000FA00E 
    -------------------------------------------------------------------------
NEAR_CONST
  Relative segment, address: 000F3058 - 000F3063 (0xc bytes), align: 1
  Segment part 2.             Intra module refs:   App_ProbeDemo
    -------------------------------------------------------------------------
NEAR_CONST
  Relative segment, address: 000F3064 - 000F3077 (0x14 bytes), align: 1
  Segment part 3.             Intra module refs:   App_ProbeDemo
    -------------------------------------------------------------------------
NEAR_CONST
  Relative segment, address: 000F3078 - 000F3087 (0x10 bytes), align: 1
  Segment part 4.             Intra module refs:   App_ProbeDemo
    -------------------------------------------------------------------------
NEAR_CONST
  Relative segment, address: 000F3088 - 000F3097 (0x10 bytes), align: 1
  Segment part 5.             Intra module refs:   App_ProbeDemo
    -------------------------------------------------------------------------
NEAR_CONST
  Relative segment, address: 000F3098 - 000F30AD (0x16 bytes), align: 1
  Segment part 6.             Intra module refs:   App_ProbeDemo
    -------------------------------------------------------------------------
NEAR_CONST
  Relative segment, address: 000F30AE - 000F30C1 (0x14 bytes), align: 1
  Segment part 7.             Intra module refs:   App_ProbeDemo
    -------------------------------------------------------------------------
NEAR_CONST
  Relative segment, address: 000F30C2 - 000F30D1 (0x10 bytes), align: 1
  Segment part 8.             Intra module refs:   App_ProbeDemo
    -------------------------------------------------------------------------
NEAR_CONST
  Relative segment, address: 000F30D2 - 000F30DB (0xa bytes), align: 1
  Segment part 9.             Intra module refs:   App_ProbeDemo
    -------------------------------------------------------------------------
NEAR_CONST
  Relative segment, address: 000F30DC - 000F30E5 (0xa bytes), align: 1
  Segment part 10.            Intra module refs:   App_ProbeDemo
    -------------------------------------------------------------------------
NEAR_CONST_ID
  Relative segment, address: 00003058 - 00003063 (0xc bytes), align: 1
  Segment part 22.            Intra module refs:   Segment part 2
    -------------------------------------------------------------------------
NEAR_CONST_ID
  Relative segment, address: 00003064 - 00003077 (0x14 bytes), align: 1
  Segment part 23.            Intra module refs:   Segment part 3
    -------------------------------------------------------------------------
NEAR_CONST_ID
  Relative segment, address: 00003078 - 00003087 (0x10 bytes), align: 1
  Segment part 24.            Intra module refs:   Segment part 4
    -------------------------------------------------------------------------
NEAR_CONST_ID
  Relative segment, address: 00003088 - 00003097 (0x10 bytes), align: 1
  Segment part 25.            Intra module refs:   Segment part 5
    -------------------------------------------------------------------------
NEAR_CONST_ID
  Relative segment, address: 00003098 - 000030AD (0x16 bytes), align: 1
  Segment part 26.            Intra module refs:   Segment part 6
    -------------------------------------------------------------------------
NEAR_CONST_ID
  Relative segment, address: 000030AE - 000030C1 (0x14 bytes), align: 1
  Segment part 27.            Intra module refs:   Segment part 7
    -------------------------------------------------------------------------
NEAR_CONST_ID
  Relative segment, address: 000030C2 - 000030D1 (0x10 bytes), align: 1
  Segment part 28.            Intra module refs:   Segment part 8
    -------------------------------------------------------------------------
NEAR_CONST_ID
  Relative segment, address: 000030D2 - 000030DB (0xa bytes), align: 1
  Segment part 29.            Intra module refs:   Segment part 9
    -------------------------------------------------------------------------
NEAR_CONST_ID
  Relative segment, address: 000030DC - 000030E5 (0xa bytes), align: 1
  Segment part 30.            Intra module refs:   Segment part 10

    *************************************************************************

  FILE NAME : C:\Users\tergia\Dropbox\ADK_G14_04_01_2013_Client_UART_New_Buglabs\ADK_G14_04_01_2013_Client_UART_New_Buglab\YRDKRL78G14\Debug\Obj\App_ProgramMode.r87
  PROGRAM MODULE, NAME : App_ProgramMode

  SEGMENTS IN THE MODULE
  ======================
SADDR_A
  Relative segment, address: 000FFF00 - 000FFF00 (0x1 bytes), align: 0
  Segment part 1. ROOT.       Intra module refs:   Create_UART1 (UART)
                                                   GainSpan_IO_ProgMode
                                                   GainSpan_IO_RunMode
                                                   PORT0 (led)
           ENTRY                   ADDRESS         REF BY
           =====                   =======         ======
           _A_P0                   000FFF00 
           LOCAL                   ADDRESS         
           =====                   =======         
           P0                      000FFF00 
           P0_bit                  000FFF00 
    -------------------------------------------------------------------------
SADDR_A
  Relative segment, address: 000FFF05 - 000FFF05 (0x1 bytes), align: 0
  Segment part 2. ROOT.       Intra module refs:   Create_UART0 (UART)
                                                   GainSpan_IO_ProgMode
                                                   GainSpan_IO_RunMode
                                                   PORT5 (led)
                                                   SPI_Init (SPI _G14)
                                                   Segment part 36 (SPI _G14)
           ENTRY                   ADDRESS         REF BY
           =====                   =======         ======
           _A_P5                   000FFF05 
           LOCAL                   ADDRESS         
           =====                   =======         
           P5                      000FFF05 
           P5_bit                  000FFF05 
    -------------------------------------------------------------------------
SADDR_A
  Relative segment, address: 000FFF0D - 000FFF0D (0x1 bytes), align: 0
  Segment part 3. ROOT.       Intra module refs:   GainSpan_IO_ProgMode
                                                   GainSpan_IO_RunMode
                                                   IO_Reset (RDKRL78_spi)
                                                   PORT13 (led)
           ENTRY                   ADDRESS         REF BY
           =====                   =======         ======
           _A_P13                  000FFF0D 
           LOCAL                   ADDRESS         
           =====                   =======         
           P13                     000FFF0D 
           P13_bit                 000FFF0D 
    -------------------------------------------------------------------------
SADDR_A
  Relative segment, address: 000FFF0E - 000FFF0E (0x1 bytes), align: 0
  Segment part 4. ROOT.       Intra module refs:   ConfigureOutputPorts (hwsetup)
                                                   GainSpan_IO_ProgMode
                                                   GainSpan_IO_RunMode
                                                   LCD_SPI_CommandSend (glyph_register)
                                                   LCD_SPI_Open (glyph_register)
                                                   PORT14 (led)
                                                   Segment part 36 (SPI _G14)
                                                   Segment part 5 (RDKRL78_spi)
           ENTRY                   ADDRESS         REF BY
           =====                   =======         ======
           _A_P14                  000FFF0E 
           LOCAL                   ADDRESS         
           =====                   =======         
           P14                     000FFF0E 
           P14_bit                 000FFF0E 
    -------------------------------------------------------------------------
NEAR_A
  Relative segment, address: 000FFF20 - 000FFF20 (0x1 bytes), align: 0
  Segment part 5. ROOT.       Intra module refs:   Create_UART1 (UART)
                                                   GainSpan_IO_ProgMode
                                                   PORT0 (led)
           ENTRY                   ADDRESS         REF BY
           =====                   =======         ======
           _A_PM0                  000FFF20 
           LOCAL                   ADDRESS         
           =====                   =======         
           PM0                     000FFF20 
           PM0_bit                 000FFF20 
    -------------------------------------------------------------------------
NEAR_A
  Relative segment, address: 000FFF25 - 000FFF25 (0x1 bytes), align: 0
  Segment part 6. ROOT.       Intra module refs:   Create_UART0 (UART)
                                                   GainSpan_IO_ProgMode
                                                   GainSpan_IO_RunMode
                                                   PORT5 (led)
                                                   SPI_Init (SPI _G14)
                                                   Segment part 38 (SPI _G14)
           ENTRY                   ADDRESS         REF BY
           =====                   =======         ======
           _A_PM5                  000FFF25 
           LOCAL                   ADDRESS         
           =====                   =======         
           PM5                     000FFF25 
           PM5_bit                 000FFF25 
    -------------------------------------------------------------------------
NEAR_A
  Relative segment, address: 000FFF2E - 000FFF2E (0x1 bytes), align: 0
  Segment part 7. ROOT.       Intra module refs:   ConfigureOutputPorts (hwsetup)
                                                   GainSpan_IO_ProgMode
                                                   LCD_SPI_Open (glyph_register)
                                                   PORT14 (led)
                                                   Segment part 38 (SPI _G14)
           ENTRY                   ADDRESS         REF BY
           =====                   =======         ======
           _A_PM14                 000FFF2E 
           LOCAL                   ADDRESS         
           =====                   =======         
           PM14                    000FFF2E 
           PM14_bit                000FFF2E 
    -------------------------------------------------------------------------
NEAR_A
  Relative segment, address: 000F0060 - 000F0060 (0x1 bytes), align: 0
  Segment part 10. ROOT.      Intra module refs:   Create_UART1 (UART)
                                                   GainSpan_IO_ProgMode
           ENTRY                   ADDRESS         REF BY
           =====                   =======         ======
           _A_PMC0                 000F0060 
           LOCAL                   ADDRESS         
           =====                   =======         
           PMC0                    000F0060 
           PMC0_bit                000F0060 
    -------------------------------------------------------------------------
NEAR_A
  Relative segment, address: 000F006E - 000F006E (0x1 bytes), align: 0
  Segment part 11. ROOT.      Intra module refs:   GainSpan_IO_ProgMode
           ENTRY                   ADDRESS         REF BY
           =====                   =======         ======
           _A_PMC14                000F006E 
           LOCAL                   ADDRESS         
           =====                   =======         
           PMC14                   000F006E 
           PMC14_bit               000F006E 
    -------------------------------------------------------------------------
CODE
  Relative segment, address: 000055C3 - 00005639 (0x77 bytes), align: 0
  Segment part 20.            Intra module refs:   App_ProgramMode
           ENTRY                   ADDRESS         REF BY
           =====                   =======         ======
           GainSpan_IO_ProgMode    000055C3 
               calls direct
               CSTACK = 00000000 ( 00000002 )
    -------------------------------------------------------------------------
CODE
  Relative segment, address: 0000563A - 0000568A (0x51 bytes), align: 0
  Segment part 21.            Intra module refs:   App_ProgramMode
           ENTRY                   ADDRESS         REF BY
           =====                   =======         ======
           GainSpan_IO_RunMode     0000563A 
               calls direct
               CSTACK = 00000000 ( 00000002 )
    -------------------------------------------------------------------------
CODE
  Relative segment, address: 0000568B - 00005698 (0xe bytes), align: 0
  Segment part 22.
           ENTRY                   ADDRESS         REF BY
           =====                   =======         ======
           App_ProgramMode         0000568B        main (main)
               calls direct
    -------------------------------------------------------------------------
NEAR_CONST
  Relative segment, address: 000F30E6 - 000F30F3 (0xe bytes), align: 1
  Segment part 14.            Intra module refs:   GainSpan_IO_ProgMode
    -------------------------------------------------------------------------
NEAR_CONST
  Relative segment, address: 000F30F4 - 000F3101 (0xe bytes), align: 1
  Segment part 15.            Intra module refs:   GainSpan_IO_ProgMode
    -------------------------------------------------------------------------
NEAR_CONST
  Relative segment, address: 000F3102 - 000F310B (0xa bytes), align: 1
  Segment part 16.            Intra module refs:   GainSpan_IO_ProgMode
    -------------------------------------------------------------------------
NEAR_CONST
  Relative segment, address: 000F310C - 000F3117 (0xc bytes), align: 1
  Segment part 17.            Intra module refs:   GainSpan_IO_RunMode
    -------------------------------------------------------------------------
NEAR_CONST
  Relative segment, address: 000F3118 - 000F3125 (0xe bytes), align: 1
  Segment part 18.            Intra module refs:   GainSpan_IO_RunMode
    -------------------------------------------------------------------------
NEAR_CONST
  Relative segment, address: 000F3126 - 000F312F (0xa bytes), align: 1
  Segment part 19.            Intra module refs:   GainSpan_IO_RunMode
    -------------------------------------------------------------------------
NEAR_CONST_ID
  Relative segment, address: 000030E6 - 000030F3 (0xe bytes), align: 1
  Segment part 23.            Intra module refs:   Segment part 14
    -------------------------------------------------------------------------
NEAR_CONST_ID
  Relative segment, address: 000030F4 - 00003101 (0xe bytes), align: 1
  Segment part 24.            Intra module refs:   Segment part 15
    -------------------------------------------------------------------------
NEAR_CONST_ID
  Relative segment, address: 00003102 - 0000310B (0xa bytes), align: 1
  Segment part 25.            Intra module refs:   Segment part 16
    -------------------------------------------------------------------------
NEAR_CONST_ID
  Relative segment, address: 0000310C - 00003117 (0xc bytes), align: 1
  Segment part 26.            Intra module refs:   Segment part 17
    -------------------------------------------------------------------------
NEAR_CONST_ID
  Relative segment, address: 00003118 - 00003125 (0xe bytes), align: 1
  Segment part 27.            Intra module refs:   Segment part 18
    -------------------------------------------------------------------------
NEAR_CONST_ID
  Relative segment, address: 00003126 - 0000312F (0xa bytes), align: 1
  Segment part 28.            Intra module refs:   Segment part 19

    *************************************************************************

  FILE NAME : C:\Users\tergia\Dropbox\ADK_G14_04_01_2013_Client_UART_New_Buglabs\ADK_G14_04_01_2013_Client_UART_New_Buglab\YRDKRL78G14\Debug\Obj\App_Startup.r87
  PROGRAM MODULE, NAME : App_Startup

  SEGMENTS IN THE MODULE
  ======================
CODE
  Relative segment, address: 00005699 - 000056A7 (0xf bytes), align: 0
  Segment part 80.            Intra module refs:   App_StartupLimitedAP
                                                   AtLibGs_ParseGetMacResponse (AtCmdLib)
                                                   AtLibGs_ReadValue (AtCmdLib)
                                                   AtLibGs_TCPServer_Start (AtCmdLib)
                                                   AtLibGs_UDPServer_Start (AtCmdLib)
                                                   AtLibGs_WaitForTCPConnection (AtCmdLib)
                                                   AtLibGs_checkEOFMessage (AtCmdLib)
           ENTRY                   ADDRESS         REF BY
           =====                   =======         ======
           strstr                  00005699 
               calls direct
               CSTACK = 00000008 ( 00000004 )
    -------------------------------------------------------------------------
NEAR_Z
  Relative segment, address: 000FA012 - 000FA073 (0x62 bytes), align: 1
  Segment part 73.            Intra module refs:   App_WebProvisioning_OverAirPush
                                                   App_aClientConnection
           ENTRY                   ADDRESS         REF BY
           =====                   =======         ======
           GNV_Setting             000FA012 
    -------------------------------------------------------------------------
NEAR_Z
  Relative segment, address: 000FA074 - 000FA08D (0x1a bytes), align: 1
  Segment part 74.            Intra module refs:   App_StartupADKDemo
                                                   App_StartupProbeDemo
                                                   App_WebProvisioning_OverAirPush
                                                   App_aClientConnection
           ENTRY                   ADDRESS         REF BY
           =====                   =======         ======
           str_config_ssid         000FA074 
    -------------------------------------------------------------------------
NEAR_Z
  Relative segment, address: 000FA08E - 000FA0A1 (0x14 bytes), align: 1
  Segment part 76.            Intra module refs:   App_StartupADKDemo
                                                   App_StartupProbeDemo
                                                   App_WebProvisioning_OverAirPush
           ENTRY                   ADDRESS         REF BY
           =====                   =======         ======
           WiFiMAC                 000FA08E 
    -------------------------------------------------------------------------
NEAR_Z
  Relative segment, address: 000FA0A2 - 000FA0AF (0xe bytes), align: 1
  Segment part 77.            Intra module refs:   App_StartupADKDemo
                                                   App_StartupProbeDemo
                                                   App_WebProvisioning_OverAirPush
           ENTRY                   ADDRESS         REF BY
           =====                   =======         ======
           WiFiMACStr              000FA0A2 
    -------------------------------------------------------------------------
CODE
  Relative segment, address: 000056A8 - 00005718 (0x71 bytes), align: 0
  Segment part 81.            Intra module refs:   App_StartupADKDemo
                                                   App_StartupProbeDemo
                                                   App_WebProvisioning_OverAirPush
                                                   LimitedAP_TCP_SereverBulkMode
           ENTRY                   ADDRESS         REF BY
           =====                   =======         ======
           App_InitModule          000056A8        App_SwarmConnector (App_Swarm)
               calls direct
               CSTACK = 00000056 ( 00000004 )
    -------------------------------------------------------------------------
CODE
  Relative segment, address: 00005719 - 0000581F (0x107 bytes), align: 0
  Segment part 82.            Intra module refs:   App_StartupADKDemo
                                                   App_StartupProbeDemo
                                                   App_WebProvisioning_OverAirPush
           ENTRY                   ADDRESS         REF BY
           =====                   =======         ======
           App_StartupLimitedAP    00005719 
               calls direct
               CSTACK = 00000028 ( 00000008 )
    -------------------------------------------------------------------------
CODE
  Relative segment, address: 00005820 - 000059B7 (0x198 bytes), align: 0
  Segment part 83.            Intra module refs:   App_StartupADKDemo
           ENTRY                   ADDRESS         REF BY
           =====                   =======         ======
           App_aClientConnection   00005820        App_SwarmConnector (App_Swarm)
               calls direct
               CSTACK = 00000008 ( 00000004 )
    -------------------------------------------------------------------------
NEAR_I
  Relative segment, address: 000FA000 - 000FA000 (0x1 bytes), align: 0
  Segment part 79.            Intra module refs:   App_aClientConnection
           LOCAL                   ADDRESS         
           =====                   =======         
           App_aClientConnection::WEPMode
                                   000FA000 
    -------------------------------------------------------------------------
CODE
  Relative segment, address: 000059B8 - 00005B72 (0x1bb bytes), align: 0
  Segment part 84.
           ENTRY                   ADDRESS         REF BY
           =====                   =======         ======
           App_WebProvisioning_OverAirPush
                                   000059B8        main (main)
               calls direct
               CSTACK = 00000000 ( 00000012 )
    -------------------------------------------------------------------------
CODE
  Relative segment, address: 00005B73 - 00005CF4 (0x182 bytes), align: 0
  Segment part 85.
           ENTRY                   ADDRESS         REF BY
           =====                   =======         ======
           App_StartupADKDemo      00005B73        main (main)
               calls direct
               CSTACK = 00000000 ( 00000012 )
    -------------------------------------------------------------------------
CODE
  Relative segment, address: 00005CF5 - 00005D86 (0x92 bytes), align: 0
  Segment part 86.
           ENTRY                   ADDRESS         REF BY
           =====                   =======         ======
           App_StartupProbeDemo    00005CF5        App_ProbeDemo (App_ProbeDemo)
               calls direct
               CSTACK = 00000000 ( 0000002A )
    -------------------------------------------------------------------------
CODE
  Relative segment, address: 00005D87 - 00005F71 (0x1eb bytes), align: 0
  Segment part 87.
           ENTRY                   ADDRESS         REF BY
           =====                   =======         ======
           LimitedAP_TCP_SereverBulkMode
                                   00005D87        main (main)
               calls direct
               CSTACK = 00000000 ( 0000005E )
    -------------------------------------------------------------------------
NEAR_ID
  Relative segment, address: 0000D7EC - 0000D7EC (0x1 bytes), align: 0
  Segment part 78.            Intra module refs:   App_aClientConnection::WEPMode
    -------------------------------------------------------------------------
NEAR_CONST
  Relative segment, address: 000F3130 - 000F313B (0xc bytes), align: 1
  Segment part 2.             Intra module refs:   App_InitModule
    -------------------------------------------------------------------------
NEAR_CONST
  Relative segment, address: 000F313C - 000F3147 (0xc bytes), align: 1
  Segment part 3.             Intra module refs:   App_InitModule
    -------------------------------------------------------------------------
NEAR_CONST
  Relative segment, address: 000F3148 - 000F3153 (0xc bytes), align: 1
  Segment part 4.             Intra module refs:   App_InitModule
    -------------------------------------------------------------------------
NEAR_CONST
  Relative segment, address: 000F3154 - 000F315F (0xc bytes), align: 1
  Segment part 5.             Intra module refs:   App_InitModule
    -------------------------------------------------------------------------
NEAR_CONST
  Relative segment, address: 000F3160 - 000F3161 (0x2 bytes), align: 1
  Segment part 6.             Intra module refs:   App_InitModule
                                                   App_StartupADKDemo
                                                   App_StartupLimitedAP
                                                   App_WebProvisioning_OverAirPush
                                                   App_aClientConnection
                                                   LimitedAP_TCP_SereverBulkMode
    -------------------------------------------------------------------------
NEAR_CONST
  Relative segment, address: 000F3162 - 000F316D (0xc bytes), align: 1
  Segment part 7.             Intra module refs:   App_StartupADKDemo
                                                   App_StartupLimitedAP
                                                   App_StartupProbeDemo
    -------------------------------------------------------------------------
NEAR_CONST
  Relative segment, address: 000F316E - 000F317B (0xe bytes), align: 1
  Segment part 8.             Intra module refs:   App_StartupLimitedAP
    -------------------------------------------------------------------------
NEAR_CONST
  Relative segment, address: 000F317C - 000F3189 (0xe bytes), align: 1
  Segment part 9.             Intra module refs:   App_StartupLimitedAP
                                                   LimitedAP_TCP_SereverBulkMode
    -------------------------------------------------------------------------
NEAR_CONST
  Relative segment, address: 000F318A - 000F3191 (0x8 bytes), align: 1
  Segment part 10.            Intra module refs:   App_StartupLimitedAP
    -------------------------------------------------------------------------
NEAR_CONST
  Relative segment, address: 000F3192 - 000F31A1 (0x10 bytes), align: 1
  Segment part 11.            Intra module refs:   App_StartupLimitedAP
    -------------------------------------------------------------------------
NEAR_CONST
  Relative segment, address: 000F31A2 - 000F31A7 (0x6 bytes), align: 1
  Segment part 12.            Intra module refs:   App_StartupLimitedAP
    -------------------------------------------------------------------------
NEAR_CONST
  Relative segment, address: 000F31A8 - 000F31BF (0x18 bytes), align: 1
  Segment part 13.            Intra module refs:   App_StartupLimitedAP
    -------------------------------------------------------------------------
NEAR_CONST
  Relative segment, address: 000F31C0 - 000F31C9 (0xa bytes), align: 1
  Segment part 14.            Intra module refs:   App_StartupLimitedAP
                                                   App_aClientConnection
    -------------------------------------------------------------------------
NEAR_CONST
  Relative segment, address: 000F31CA - 000F31D5 (0xc bytes), align: 1
  Segment part 15.            Intra module refs:   App_StartupLimitedAP
    -------------------------------------------------------------------------
NEAR_CONST
  Relative segment, address: 000F31D6 - 000F31E3 (0xe bytes), align: 1
  Segment part 16.            Intra module refs:   App_StartupLimitedAP
    -------------------------------------------------------------------------
NEAR_CONST
  Relative segment, address: 000F31E4 - 000F31EF (0xc bytes), align: 1
  Segment part 17.            Intra module refs:   App_aClientConnection
    -------------------------------------------------------------------------
NEAR_CONST
  Relative segment, address: 000F31F0 - 000F31FB (0xc bytes), align: 1
  Segment part 18.            Intra module refs:   App_aClientConnection
    -------------------------------------------------------------------------
NEAR_CONST
  Relative segment, address: 000F31FC - 000F3209 (0xe bytes), align: 1
  Segment part 19.            Intra module refs:   App_aClientConnection
    -------------------------------------------------------------------------
NEAR_CONST
  Relative segment, address: 000F320A - 000F3213 (0xa bytes), align: 1
  Segment part 20.            Intra module refs:   App_aClientConnection
    -------------------------------------------------------------------------
NEAR_CONST
  Relative segment, address: 000F3214 - 000F3221 (0xe bytes), align: 1
  Segment part 21.            Intra module refs:   App_aClientConnection
    -------------------------------------------------------------------------
NEAR_CONST
  Relative segment, address: 000F3222 - 000F322B (0xa bytes), align: 1
  Segment part 22.            Intra module refs:   App_aClientConnection
    -------------------------------------------------------------------------
NEAR_CONST
  Relative segment, address: 000F322C - 000F3233 (0x8 bytes), align: 1
  Segment part 23.            Intra module refs:   App_aClientConnection
    -------------------------------------------------------------------------
NEAR_CONST
  Relative segment, address: 000F3234 - 000F3241 (0xe bytes), align: 1
  Segment part 24.            Intra module refs:   App_aClientConnection
    -------------------------------------------------------------------------
NEAR_CONST
  Relative segment, address: 000F3242 - 000F3251 (0x10 bytes), align: 1
  Segment part 25.            Intra module refs:   App_aClientConnection
    -------------------------------------------------------------------------
NEAR_CONST
  Relative segment, address: 000F3252 - 000F3273 (0x22 bytes), align: 1
  Segment part 26.            Intra module refs:   App_aClientConnection
    -------------------------------------------------------------------------
NEAR_CONST
  Relative segment, address: 000F3274 - 000F3281 (0xe bytes), align: 1
  Segment part 27.            Intra module refs:   App_aClientConnection
    -------------------------------------------------------------------------
NEAR_CONST
  Relative segment, address: 000F3282 - 000F328F (0xe bytes), align: 1
  Segment part 28.            Intra module refs:   App_aClientConnection
    -------------------------------------------------------------------------
NEAR_CONST
  Relative segment, address: 000F3290 - 000F329F (0x10 bytes), align: 1
  Segment part 29.            Intra module refs:   App_StartupADKDemo
                                                   App_StartupProbeDemo
                                                   App_WebProvisioning_OverAirPush
    -------------------------------------------------------------------------
NEAR_CONST
  Relative segment, address: 000F32A0 - 000F32A5 (0x6 bytes), align: 1
  Segment part 30.            Intra module refs:   App_StartupADKDemo
                                                   App_StartupProbeDemo
                                                   App_WebProvisioning_OverAirPush
    -------------------------------------------------------------------------
NEAR_CONST
  Relative segment, address: 000F32A6 - 000F32B1 (0xc bytes), align: 1
  Segment part 31.            Intra module refs:   App_WebProvisioning_OverAirPush
    -------------------------------------------------------------------------
NEAR_CONST
  Relative segment, address: 000F32B2 - 000F32B3 (0x2 bytes), align: 1
  Segment part 32.            Intra module refs:   App_WebProvisioning_OverAirPush
    -------------------------------------------------------------------------
NEAR_CONST
  Relative segment, address: 000F32B4 - 000F32C1 (0xe bytes), align: 1
  Segment part 33.            Intra module refs:   App_WebProvisioning_OverAirPush
    -------------------------------------------------------------------------
NEAR_CONST
  Relative segment, address: 000F32C2 - 000F32CF (0xe bytes), align: 1
  Segment part 34.            Intra module refs:   App_StartupADKDemo
                                                   App_WebProvisioning_OverAirPush
    -------------------------------------------------------------------------
NEAR_CONST
  Relative segment, address: 000F32D0 - 000F32D7 (0x8 bytes), align: 1
  Segment part 35.            Intra module refs:   App_WebProvisioning_OverAirPush
    -------------------------------------------------------------------------
NEAR_CONST
  Relative segment, address: 000F32D8 - 000F32DD (0x6 bytes), align: 1
  Segment part 36.            Intra module refs:   App_StartupADKDemo
                                                   App_WebProvisioning_OverAirPush
    -------------------------------------------------------------------------
NEAR_CONST
  Relative segment, address: 000F32DE - 000F32EB (0xe bytes), align: 1
  Segment part 37.            Intra module refs:   App_StartupADKDemo
                                                   App_WebProvisioning_OverAirPush
    -------------------------------------------------------------------------
NEAR_CONST
  Relative segment, address: 000F32EC - 000F32F9 (0xe bytes), align: 1
  Segment part 38.            Intra module refs:   App_WebProvisioning_OverAirPush
    -------------------------------------------------------------------------
NEAR_CONST
  Relative segment, address: 000F32FA - 000F32FF (0x6 bytes), align: 1
  Segment part 39.            Intra module refs:   App_StartupADKDemo
                                                   App_WebProvisioning_OverAirPush
    -------------------------------------------------------------------------
NEAR_CONST
  Relative segment, address: 000F3300 - 000F3305 (0x6 bytes), align: 1
  Segment part 40.            Intra module refs:   App_StartupADKDemo
                                                   App_WebProvisioning_OverAirPush
    -------------------------------------------------------------------------
NEAR_CONST
  Relative segment, address: 000F3306 - 000F3309 (0x4 bytes), align: 1
  Segment part 41.            Intra module refs:   App_StartupADKDemo
                                                   App_WebProvisioning_OverAirPush
    -------------------------------------------------------------------------
NEAR_CONST
  Relative segment, address: 000F330A - 000F3319 (0x10 bytes), align: 1
  Segment part 42.            Intra module refs:   App_WebProvisioning_OverAirPush
    -------------------------------------------------------------------------
NEAR_CONST
  Relative segment, address: 000F331A - 000F3327 (0xe bytes), align: 1
  Segment part 43.            Intra module refs:   App_StartupADKDemo
                                                   App_WebProvisioning_OverAirPush
    -------------------------------------------------------------------------
NEAR_CONST
  Relative segment, address: 000F3328 - 000F332F (0x8 bytes), align: 1
  Segment part 44.            Intra module refs:   App_WebProvisioning_OverAirPush
[...]
           LOCAL                   ADDRESS         
           =====                   =======         
           _GetN                   0000CD79 
               calls indirect
               CSTACK = 00000030 ( 00000004 )
    -------------------------------------------------------------------------
CODE
  Relative segment, address: 0000CDA6 - 0000CDC9 (0x24 bytes), align: 0
  Segment part 7.             Intra module refs:   _GetfldSmall
                                                   _GetintSmall
                                                   _GetstrSmall
                                                   _ScanfSmall
           LOCAL                   ADDRESS         
           =====                   =======         
           _UngetN                 0000CDA6 
               calls indirect
               CSTACK = 00000030 ( 00000004 )
    -------------------------------------------------------------------------
CODE
  Relative segment, address: 0000CDCA - 0000CF39 (0x170 bytes), align: 0
  Segment part 8.
           ENTRY                   ADDRESS         REF BY
           =====                   =======         ======
           _ScanfSmall             0000CDCA        sscanf (?sscanf)
               calls direct and indirect
               CSTACK = 00000002 ( 00000018 )
    -------------------------------------------------------------------------
CODE
  Relative segment, address: 0000CF3A - 0000CF3E (0x5 bytes), align: 0
  Segment part 9.             Intra module refs:   _GetN
                                                   _GetfldSmall
                                                   _ScanfSmall
                                                   _UngetN
    -------------------------------------------------------------------------
CODE
  Relative segment, address: 0000CF3F - 0000CFC0 (0x82 bytes), align: 0
  Segment part 10.            Intra module refs:   _ScanfSmall
           LOCAL                   ADDRESS         
           =====                   =======         
           _GetfldSmall            0000CF3F 
               calls direct and indirect
               CSTACK = 00000018 ( 00000008 )
    -------------------------------------------------------------------------
CODE
  Relative segment, address: 0000CFC1 - 0000D07C (0xbc bytes), align: 0
  Segment part 11.            Intra module refs:   _GetfldSmall
           LOCAL                   ADDRESS         
           =====                   =======         
           _GetstrSmall            0000CFC1 
               calls direct
               CSTACK = 00000008 ( 0000000C )
    -------------------------------------------------------------------------
CODE
  Relative segment, address: 0000D07D - 0000D07E (0x2 bytes), align: 0
  Segment part 12.            Intra module refs:   _GetintSmall
                                                   _GetstrSmall
    -------------------------------------------------------------------------
CODE
  Relative segment, address: 0000D07F - 0000D084 (0x6 bytes), align: 0
  Segment part 13.            Intra module refs:   Segment part 12
                                                   _GetstrSmall
                                                   _ScanfSmall
    -------------------------------------------------------------------------
CODE
  Relative segment, address: 0000D085 - 0000D29F (0x21b bytes), align: 0
  Segment part 14.            Intra module refs:   _GetfldSmall
           LOCAL                   ADDRESS         
           =====                   =======         
           _GetintSmall            0000D085 
               calls direct
               CSTACK = 00000008 ( 00000034 )
    -------------------------------------------------------------------------
NEAR_ID
  Relative segment, address: 0000D792 - 0000D799 (0x8 bytes), align: 1
  Segment part 2.             Intra module refs:   Segment part 3
    -------------------------------------------------------------------------
NEAR_ID
  Relative segment, address: 0000D79A - 0000D79F (0x6 bytes), align: 1
  Segment part 4.             Intra module refs:   Segment part 5
    -------------------------------------------------------------------------
NEAR_I
  Relative segment, address: 000F9FA6 - 000F9FAD (0x8 bytes), align: 1
  Segment part 3.             Intra module refs:   _ScanfSmall
    -------------------------------------------------------------------------
NEAR_I
  Relative segment, address: 000F9FAE - 000F9FB3 (0x6 bytes), align: 1
  Segment part 5.             Intra module refs:   _ScanfSmall

    -------------------------------------------------------------------------
  LIBRARY MODULE, NAME : ?xsprout

  SEGMENTS IN THE MODULE
  ======================
CODE
  Relative segment, address: 0000D2A0 - 0000D2AB (0xc bytes), align: 0
  Segment part 2.
           ENTRY                   ADDRESS         REF BY
           =====                   =======         ======
           _SProut                 0000D2A0        sprintf (?sprintf)
                                                   vsprintf (?vsprintf)
               CSTACK = 00000000 ( 00000002 )

    -------------------------------------------------------------------------
  LIBRARY MODULE, NAME : ?xsscin

  SEGMENTS IN THE MODULE
  ======================
CODE
  Relative segment, address: 0000D2AC - 0000D2CC (0x21 bytes), align: 0
  Segment part 2.
           ENTRY                   ADDRESS         REF BY
           =====                   =======         ======
           _SScin                  0000D2AC        sscanf (?sscanf)

    -------------------------------------------------------------------------
  LIBRARY MODULE, NAME : ?xstol

  SEGMENTS IN THE MODULE
  ======================
CODE
  Relative segment, address: 0000D2CD - 0000D3A4 (0xd8 bytes), align: 0
  Segment part 2.
           ENTRY                   ADDRESS         REF BY
           =====                   =======         ======
           __iar_Stolx             0000D2CD        _GetintSmall (?xscanfsmall)
               calls direct
               CSTACK = 00000002 ( 00000010 )

    -------------------------------------------------------------------------
  LIBRARY MODULE, NAME : ?xstoul

  SEGMENTS IN THE MODULE
  ======================
NEAR_I
  Relative segment, address: 000F9FB4 - 000F9FD9 (0x26 bytes), align: 1
  Segment part 3.             Intra module refs:   __iar_Stoulx
    -------------------------------------------------------------------------
NEAR_I
  Relative segment, address: 000F9FDA - 000F9FFF (0x26 bytes), align: 1
  Segment part 5.             Intra module refs:   __iar_Stoulx
    -------------------------------------------------------------------------
CODE
  Relative segment, address: 0000D3A5 - 0000D572 (0x1ce bytes), align: 0
  Segment part 6.             Intra module refs:   __iar_Stoul
           ENTRY                   ADDRESS         REF BY
           =====                   =======         ======
           __iar_Stoulx            0000D3A5        __iar_Stolx (?xstol)
               calls direct
               CSTACK = 00000004 ( 0000001E )
    -------------------------------------------------------------------------
CODE
  Relative segment, address: 0000D573 - 0000D57D (0xb bytes), align: 0
  Segment part 7.
           ENTRY                   ADDRESS         REF BY
           =====                   =======         ======
           __iar_Stoul             0000D573        _GetintSmall (?xscanfsmall)
                                                   atoi (?atoi)
               calls direct
               CSTACK = 00000000 ( 00000004 )
    -------------------------------------------------------------------------
NEAR_ID
  Relative segment, address: 0000D7A0 - 0000D7C5 (0x26 bytes), align: 1
  Segment part 2.             Intra module refs:   Segment part 3
    -------------------------------------------------------------------------
NEAR_ID
  Relative segment, address: 0000D7C6 - 0000D7EB (0x26 bytes), align: 1
  Segment part 4.             Intra module refs:   Segment part 5

    -------------------------------------------------------------------------
  LIBRARY MODULE, NAME : ?__exit

  SEGMENTS IN THE MODULE
  ======================
CODE
  Relative segment, address: 0000D57E - 0000D57F (0x2 bytes), align: 0
  Segment part 2.
           ENTRY                   ADDRESS         REF BY
           =====                   =======         ======
           __exit                  0000D57E        Segment part 4 (?_exit)

    -------------------------------------------------------------------------
  LIBRARY MODULE, NAME : ?xxmemxfree

  SEGMENTS IN THE MODULE
  ======================
CODE
  Relative segment, address: 0000D580 - 0000D63E (0xbf bytes), align: 0
  Segment part 2.
           ENTRY                   ADDRESS         REF BY
           =====                   =======         ======
           __near_free             0000D580        GlyphClose (glyph)
               CSTACK = 00000000 ( 0000000A )

    -------------------------------------------------------------------------
  LIBRARY MODULE, NAME : ?xxmemxmalloc

  SEGMENTS IN THE MODULE
  ======================
NEAR_Z
  Relative segment, address: 000FB9FE - 000FBA01 (0x4 bytes), align: 1
  Segment part 2.
           ENTRY                   ADDRESS         REF BY
           =====                   =======         ======
           __near_Aldata           000FB9FE        __near_free (?xxmemxfree)




                ****************************************
                *                                      *
                *            MODULE SUMMARY            *
                *                                      *
                ****************************************

Module                       CODE      DATA       CONST
------                       ----      ----       -----
                            (Rel)   (Rel)  (Abs)  (Rel)
?CHAR_SSWITCH_L10              23
?CSTARTUP                      47
  + common                      2
?FCMP_LT                      100
?FLOAT_2_SIGNED_LONG          130
?FLOAT_2_UNSIGNED_LONG         50
?FLOAT_ADD_SUB                421
?FLOAT_DIV                    369
?FLOAT_MUL                    415
?FLOAT_NEG_L04                 41
?FUNCTION_LEAVE_L06            50
?INT_DIV_MOD_L02               53
?INT_LSH_L02                   12
?INT_NEGATE_DIV_MOD_L02        24
?INT_SSWITCH_L10               33
?LONG_DIV_L03                 141
?LONG_FLOAT_DEALLOC_L06        30
?LONG_LOAD_DIV_MOD_L03         16
?LONG_MOD_L03                 118
?LONG_MUL_FAST_L03             35
?LONG_NEGATE2_DIV_MOD_L03      24
?LONG_NEGATE_DIV_MOD_L03       23
?LONG_NEG_L03                  31
?LONG_NOT_L03                  25
?MEMCPY_NEAR                   12
?MEMCPY_SMALL_NEAR              8
?MOVE_LONG_OBJECT_L06          50
?SIGNED_LONG_2_FLOAT           27
?SINT_CMP_L02                  12
?SINT_DIV_L02                  24
?SINT_MOD_L02                  24
?SLONG_CMP_L03                 51
?SLONG_DIV_L03                 59
?SLONG_MOD_L03                 61
?STRCMP_NEAR                   21
?STR_CPY_NEAR                  10
?UCHAR_DIVUW_L01              101
?UCHAR_DIV_MOD_L01             38
?ULONG_CMP_L03                 29
?UNSIGNED_LONG_2_FLOAT         88
?WRKSEG_DEFINE_L09                      9
?__INIT_NEAR_I                 26
?__INIT_NEAR_Z                 19
?__INIT_WRKSEG                 11
?__MAIN_CALL                    6
?__exit                         2
?__low_level_init_stub          4
?_exit                          5
?atoi                          12
?div                           28
?errno                                  2
?exit                           3
?memchr                        21
?memset                        21
?sprintf                       55
?sscanf                        28
?strcat                        27
?strchr                        16
?strlen                        14
?strncmp                       51
?strncpy                       39
?strstr                        72
?vsprintf                      42
?xdnorm                        90
?xdunscal                      86
?xprintflarge               3 581      26            26
?xscanfsmall                1 319      14            14
?xsprout                       12
?xsscin                        33
?xstol                        216
?xstoul                       473      76            76
?xxmemxfree                   191
?xxmemxmalloc                           4
ADC                            84              8
  + shared                     54             10
  + common
Accelerometer                 306      20            12
App_PassThroughSPI            166      76            76
App_ProbeDemo                 629     156           142
App_ProgramMode               214      74      1     74
  + shared                                     8
App_Startup                 2 250   1 049           891
  + shared                     15
App_Swarm                     204     219           218
AtCmdLib                    7 680   2 104         1 415
  + shared                     23
EEPROM                        527
F_SUPPORT_R                   209
GSHAL                         127     260
GainSpan_IO                    52
  + shared                                     1
GainSpan_SPI                  703     401
I2C                           745      11      1
  + shared                     44              9
  + common
LightSensor                   151       2             2
NVSettings                    289       6             6
Potentiometer                  77
RDKRL78_spi                   202      16      1     16
SPI _G14                      981      59      4     26
  + shared                     64             19
  + common
ST7579_LCD                  2 049      10           150
Switch                         60
Temperature                   236       4             4
Timer                          70       2      2
  + common                     58
UART                        1 452     408      4
  + shared                     42             49
  + common
console                        82     256
cpu_bsp                        12
cpu_core                      166      20
font_8x8                            3 072         3 072
font_logos                            674           674
font_x5x7                           1 528         1 528
glyph                         413      54
glyph_register                184
hwsetup                       118             11
lcd                           266       3             1
led                           344     113      7    112
  + shared                                     4
lib_mem                       368
lib_str                       101
m_fcom5                       256
m_fcom6                        41
main                          783     352           346
mstimer                       153       4
probe_com                   4 338   2 251            32
probe_com_os                    4
probe_wifi                    463   2 104
probe_wifi_os                   1
r_cg_serial                   203       6     12
  + shared                                     4
r_cg_serial_user              112       2      2
  + common                     24
N/A (command line)                  1 024
N/A (alignment)
----------                 ------  ------    ---  -----
Total:                     37 238  16 471    157  8 913
  + common                     64


                ****************************************
                *                                      *
                *      SEGMENTS IN ADDRESS ORDER       *
                *                                      *
                ****************************************


SEGMENT              SPACE    START ADDRESS   END ADDRESS     SIZE  TYPE  ALIGN
=======              =====    =============   ===========     ====  ====  =====
__aseg                                  00000000                     rel    0
INTVEC                             00000000 - 0000003F          40   com    1
OPTBYTE                            000000C0 - 000000C3           4   rel    0
SECUID                             000000C4 - 000000CD           A   rel    1
RCODE                              000000D8 - 00000D22         C4B   rel    0
NEAR_CONST_ID                      00003000 - 00005121        2122   rel    1
CODE                               00005122 - 0000D63E        851D   rel    0
SWITCH                             0000D640 - 0000D6EB          AC   rel    1
NEAR_ID                            0000D6EC - 0000D7EE         103   rel    1
NEAR_A                             000F0010 - 000F0012           3   rel    0
                                   000F0060 - 000F0060           1 
                                   000F006E - 000F006E           1 
                                   000F0070 - 000F0070           1 
                                   000F0077 - 000F0079           3 
                                   000F007B - 000F007B           1 
                                   000F00F0 - 000F00F0           1 
                                   000F00F3 - 000F00F3           1 
                                   000F0102 - 000F0103           2 
                                   000F0106 - 000F0107           2 
                                   000F010A - 000F010B           2 
                                   000F010E - 000F011F          12 
                                   000F0122 - 000F012B           A 
                                   000F0134 - 000F0135           2 
                                   000F0142 - 000F0143           2 
                                   000F0146 - 000F014B           6 
                                   000F014E - 000F0153           6 
                                   000F0156 - 000F015B           6 
                                   000F015E - 000F015F           2 
                                   000F0162 - 000F016B           A 
                                   000F0230 - 000F0234           5 
                                   000F02F0 - 000F02F0           1 
NEAR_CONST                         000F3000 - 000F5121        2122   rel    1
NEAR_I                             000F9F00 - 000FA002         103   rel    1
NEAR_Z                             000FA004 - 000FBA2C        1A29   rel    1
CSTACK                             000FBA2E - 000FBE2D         400   rel    1
FAR_Z                                   000FBE2E                     rel    0
WRKSEG                             000FFE20 - 000FFE28           9   rel    1
SADDR_A                            000FFF00 - 000FFF08           9   rel    0
                                   000FFF0A - 000FFF0A           1 
                                   000FFF0C - 000FFF13           8 
                                   000FFF16 - 000FFF17           2 
                                   000FFF1E - 000FFF1F           2 
NEAR_A                             000FFF20 - 000FFF27           8   rel    0
                                   000FFF2A - 000FFF2A           1 
                                   000FFF2C - 000FFF2C           1 
                                   000FFF2E - 000FFF32           5 
                                   000FFF44 - 000FFF4B           8 
                                   000FFF50 - 000FFF52           3 
                                   000FFF90 - 000FFF91           2 
                                   000FFFA0 - 000FFFA4           5 
NEAR_A                             000FFFE0 - 000FFFEF          10   rel    0

                ****************************************
                *                                      *
                *        END OF CROSS REFERENCE        *
                *                                      *
                ****************************************

 37 302 bytes of CODE  memory
 16 471 bytes of DATA  memory (+ 157 absolute )
  8 913 bytes of CONST memory

Errors: none
Warnings: none

